../Core/Src/ssd1306.c:9:6:ssd1306_WriteCommand	32	static
../Core/Src/ssd1306.c:14:6:ssd1306_WriteData	32	static
../Core/Src/ssd1306.c:30:17:ssd1306_FillBuffer	24	static
../Core/Src/ssd1306.c:40:6:ssd1306_Init	8	static
../Core/Src/ssd1306.c:139:6:ssd1306_Fill	16	static
../Core/Src/ssd1306.c:144:6:ssd1306_UpdateScreen	16	static
../Core/Src/ssd1306.c:165:6:ssd1306_DrawPixel	16	static
../Core/Src/ssd1306.c:185:6:ssd1306_WriteChar	48	static
../Core/Src/ssd1306.c:220:6:ssd1306_WriteString	32	static
../Core/Src/ssd1306.c:234:6:ssd1306_SetCursor	16	static
../Core/Src/ssd1306.c:240:6:ssd1306_Line	48	static
../Core/Src/ssd1306.c:267:6:ssd1306_Polyline	40	static
../Core/Src/ssd1306.c:281:14:ssd1306_DegToRad	16	static
../Core/Src/ssd1306.c:286:17:ssd1306_NormalizeTo0_360	24	static
../Core/Src/ssd1306.c:302:6:ssd1306_DrawArc	64	static
../Core/Src/ssd1306.c:342:6:ssd1306_DrawArcWithRadiusLine	72	static
../Core/Src/ssd1306.c:385:6:ssd1306_DrawCircle	40	static
../Core/Src/ssd1306.c:420:6:ssd1306_FillCircle	48	static
../Core/Src/ssd1306.c:456:6:ssd1306_DrawRectangle	32	static
../Core/Src/ssd1306.c:466:6:ssd1306_FillRectangle	32	static
../Core/Src/ssd1306.c:480:17:ssd1306_InvertRectangle	32	static
../Core/Src/ssd1306.c:511:6:ssd1306_DrawBitmap	24	static
../Core/Src/ssd1306.c:535:6:ssd1306_SetContrast	24	static
../Core/Src/ssd1306.c:541:6:ssd1306_SetDisplayOn	24	static
../Core/Src/ssd1306.c:553:9:ssd1306_GetDisplayOn	4	static
